Archive member included to satisfy reference by file (symbol)

c:/progra~1/chipwh~1/cw/home/portable/armgcc/bin/../lib/gcc/arm-none-eabi/10.2.1/thumb/v6-m/nofp\libgcc.a(_thumb1_case_uqi.o)
                              objdir-CWNANO/stm32f0_hal_lowlevel.o (__gnu_thumb1_case_uqi)
c:/progra~1/chipwh~1/cw/home/portable/armgcc/bin/../lib/gcc/arm-none-eabi/10.2.1/thumb/v6-m/nofp\libgcc.a(_udivsi3.o)
                              objdir-CWNANO/stm32f0_hal_lowlevel.o (__aeabi_uidiv)
c:/progra~1/chipwh~1/cw/home/portable/armgcc/bin/../lib/gcc/arm-none-eabi/10.2.1/thumb/v6-m/nofp\libgcc.a(_dvmd_tls.o)
                              c:/progra~1/chipwh~1/cw/home/portable/armgcc/bin/../lib/gcc/arm-none-eabi/10.2.1/thumb/v6-m/nofp\libgcc.a(_udivsi3.o) (__aeabi_idiv0)
c:/progra~1/chipwh~1/cw/home/portable/armgcc/bin/../lib/gcc/arm-none-eabi/10.2.1/../../../../arm-none-eabi/lib/thumb/v6-m/nofp\libg_nano.a(lib_a-exit.o)
                              c:/progra~1/chipwh~1/cw/home/portable/armgcc/bin/../lib/gcc/arm-none-eabi/10.2.1/../../../../arm-none-eabi/lib/thumb/v6-m/nofp/crt0.o (exit)
c:/progra~1/chipwh~1/cw/home/portable/armgcc/bin/../lib/gcc/arm-none-eabi/10.2.1/../../../../arm-none-eabi/lib/thumb/v6-m/nofp\libg_nano.a(lib_a-impure.o)
                              c:/progra~1/chipwh~1/cw/home/portable/armgcc/bin/../lib/gcc/arm-none-eabi/10.2.1/../../../../arm-none-eabi/lib/thumb/v6-m/nofp\libg_nano.a(lib_a-exit.o) (_global_impure_ptr)
c:/progra~1/chipwh~1/cw/home/portable/armgcc/bin/../lib/gcc/arm-none-eabi/10.2.1/../../../../arm-none-eabi/lib/thumb/v6-m/nofp\libg_nano.a(lib_a-init.o)
                              c:/progra~1/chipwh~1/cw/home/portable/armgcc/bin/../lib/gcc/arm-none-eabi/10.2.1/../../../../arm-none-eabi/lib/thumb/v6-m/nofp/crt0.o (__libc_init_array)
c:/progra~1/chipwh~1/cw/home/portable/armgcc/bin/../lib/gcc/arm-none-eabi/10.2.1/../../../../arm-none-eabi/lib/thumb/v6-m/nofp\libg_nano.a(lib_a-memcpy-stub.o)
                              objdir-CWNANO/simpleserial-aes.o (memcpy)
c:/progra~1/chipwh~1/cw/home/portable/armgcc/bin/../lib/gcc/arm-none-eabi/10.2.1/../../../../arm-none-eabi/lib/thumb/v6-m/nofp\libg_nano.a(lib_a-memset.o)
                              c:/progra~1/chipwh~1/cw/home/portable/armgcc/bin/../lib/gcc/arm-none-eabi/10.2.1/../../../../arm-none-eabi/lib/thumb/v6-m/nofp/crt0.o (memset)
c:/progra~1/chipwh~1/cw/home/portable/armgcc/bin/../lib/gcc/arm-none-eabi/10.2.1/../../../../arm-none-eabi/lib/thumb/v6-m/nofp\libnosys.a(_exit.o)
                              c:/progra~1/chipwh~1/cw/home/portable/armgcc/bin/../lib/gcc/arm-none-eabi/10.2.1/../../../../arm-none-eabi/lib/thumb/v6-m/nofp\libg_nano.a(lib_a-exit.o) (_exit)

Discarded input sections

 .text          0x00000000        0x0 c:/progra~1/chipwh~1/cw/home/portable/armgcc/bin/../lib/gcc/arm-none-eabi/10.2.1/thumb/v6-m/nofp/crti.o
 .data          0x00000000        0x0 c:/progra~1/chipwh~1/cw/home/portable/armgcc/bin/../lib/gcc/arm-none-eabi/10.2.1/thumb/v6-m/nofp/crti.o
 .bss           0x00000000        0x0 c:/progra~1/chipwh~1/cw/home/portable/armgcc/bin/../lib/gcc/arm-none-eabi/10.2.1/thumb/v6-m/nofp/crti.o
 .data          0x00000000        0x4 c:/progra~1/chipwh~1/cw/home/portable/armgcc/bin/../lib/gcc/arm-none-eabi/10.2.1/thumb/v6-m/nofp/crtbegin.o
 .rodata        0x00000000       0x24 c:/progra~1/chipwh~1/cw/home/portable/armgcc/bin/../lib/gcc/arm-none-eabi/10.2.1/thumb/v6-m/nofp/crtbegin.o
 .text          0x00000000       0x80 c:/progra~1/chipwh~1/cw/home/portable/armgcc/bin/../lib/gcc/arm-none-eabi/10.2.1/../../../../arm-none-eabi/lib/thumb/v6-m/nofp/crt0.o
 .data          0x00000000        0x0 c:/progra~1/chipwh~1/cw/home/portable/armgcc/bin/../lib/gcc/arm-none-eabi/10.2.1/../../../../arm-none-eabi/lib/thumb/v6-m/nofp/crt0.o
 .bss           0x00000000        0x0 c:/progra~1/chipwh~1/cw/home/portable/armgcc/bin/../lib/gcc/arm-none-eabi/10.2.1/../../../../arm-none-eabi/lib/thumb/v6-m/nofp/crt0.o
 .ARM.extab     0x00000000        0x0 c:/progra~1/chipwh~1/cw/home/portable/armgcc/bin/../lib/gcc/arm-none-eabi/10.2.1/../../../../arm-none-eabi/lib/thumb/v6-m/nofp/crt0.o
 .ARM.exidx     0x00000000       0x10 c:/progra~1/chipwh~1/cw/home/portable/armgcc/bin/../lib/gcc/arm-none-eabi/10.2.1/../../../../arm-none-eabi/lib/thumb/v6-m/nofp/crt0.o
 .ARM.attributes
                0x00000000       0x1b c:/progra~1/chipwh~1/cw/home/portable/armgcc/bin/../lib/gcc/arm-none-eabi/10.2.1/../../../../arm-none-eabi/lib/thumb/v6-m/nofp/crt0.o
 .text          0x00000000        0x0 objdir-CWNANO/simpleserial-aes.o
 .data          0x00000000        0x2 objdir-CWNANO/simpleserial-aes.o
 .bss           0x00000000        0x0 objdir-CWNANO/simpleserial-aes.o
 .text.get_mask
                0x00000000        0xa objdir-CWNANO/simpleserial-aes.o
 .text.get_key  0x00000000        0xa objdir-CWNANO/simpleserial-aes.o
 .text.reset    0x00000000        0x4 objdir-CWNANO/simpleserial-aes.o
 .text.enc_multi_getpt
                0x00000000       0x3c objdir-CWNANO/simpleserial-aes.o
 .text.enc_multi_setnum
                0x00000000       0x18 objdir-CWNANO/simpleserial-aes.o
 .text          0x00000000        0x0 objdir-CWNANO/simpleserial.o
 .data          0x00000000        0x0 objdir-CWNANO/simpleserial.o
 .text.hex_decode
                0x00000000       0x74 objdir-CWNANO/simpleserial.o
 .text.ss_puts  0x00000000       0x14 objdir-CWNANO/simpleserial.o
 .text          0x00000000        0x0 objdir-CWNANO/stm32f0_hal_nano.o
 .data          0x00000000        0x0 objdir-CWNANO/stm32f0_hal_nano.o
 .text.led_error
                0x00000000       0x10 objdir-CWNANO/stm32f0_hal_nano.o
 .text.led_ok   0x00000000       0x10 objdir-CWNANO/stm32f0_hal_nano.o
 .text          0x00000000        0x0 objdir-CWNANO/stm32f0_hal_lowlevel.o
 .text.HAL_RCC_GetSysClockFreq
                0x00000000        0x6 objdir-CWNANO/stm32f0_hal_lowlevel.o
 .text.HAL_RCC_GetPCLK1Freq
                0x00000000        0x6 objdir-CWNANO/stm32f0_hal_lowlevel.o
 .text.HAL_RCC_GetPCLK2Freq
                0x00000000        0x6 objdir-CWNANO/stm32f0_hal_lowlevel.o
 .text.HAL_RCCEx_PeriphCLKConfig
                0x00000000      0x10c objdir-CWNANO/stm32f0_hal_lowlevel.o
 .text.UART_CheckIdleState
                0x00000000       0x16 objdir-CWNANO/stm32f0_hal_lowlevel.o
 .text          0x00000000        0x0 objdir-CWNANO/aes.o
 .text.InvSubBytes
                0x00000000       0x2c objdir-CWNANO/aes.o
 .text.InvShiftRows
                0x00000000       0x3c objdir-CWNANO/aes.o
 .text.AES128_ECB_encrypt
                0x00000000       0x24 objdir-CWNANO/aes.o
 .text.AES128_ECB_decrypt
                0x00000000      0x160 objdir-CWNANO/aes.o
 .text          0x00000000        0x0 objdir-CWNANO/aes-independant.o
 .data          0x00000000        0x0 objdir-CWNANO/aes-independant.o
 .bss           0x00000000       0x10 objdir-CWNANO/aes-independant.o
 .text          0x00000000       0x14 objdir-CWNANO/stm32f0_startup.o
 .data          0x00000000        0x0 objdir-CWNANO/stm32f0_startup.o
 .bss           0x00000000        0x0 objdir-CWNANO/stm32f0_startup.o
 .data          0x00000000        0x0 c:/progra~1/chipwh~1/cw/home/portable/armgcc/bin/../lib/gcc/arm-none-eabi/10.2.1/thumb/v6-m/nofp\libgcc.a(_thumb1_case_uqi.o)
 .bss           0x00000000        0x0 c:/progra~1/chipwh~1/cw/home/portable/armgcc/bin/../lib/gcc/arm-none-eabi/10.2.1/thumb/v6-m/nofp\libgcc.a(_thumb1_case_uqi.o)
 .data          0x00000000        0x0 c:/progra~1/chipwh~1/cw/home/portable/armgcc/bin/../lib/gcc/arm-none-eabi/10.2.1/thumb/v6-m/nofp\libgcc.a(_udivsi3.o)
 .bss           0x00000000        0x0 c:/progra~1/chipwh~1/cw/home/portable/armgcc/bin/../lib/gcc/arm-none-eabi/10.2.1/thumb/v6-m/nofp\libgcc.a(_udivsi3.o)
 .data          0x00000000        0x0 c:/progra~1/chipwh~1/cw/home/portable/armgcc/bin/../lib/gcc/arm-none-eabi/10.2.1/thumb/v6-m/nofp\libgcc.a(_dvmd_tls.o)
 .bss           0x00000000        0x0 c:/progra~1/chipwh~1/cw/home/portable/armgcc/bin/../lib/gcc/arm-none-eabi/10.2.1/thumb/v6-m/nofp\libgcc.a(_dvmd_tls.o)
 .text          0x00000000        0x0 c:/progra~1/chipwh~1/cw/home/portable/armgcc/bin/../lib/gcc/arm-none-eabi/10.2.1/../../../../arm-none-eabi/lib/thumb/v6-m/nofp\libg_nano.a(lib_a-exit.o)
 .data          0x00000000        0x0 c:/progra~1/chipwh~1/cw/home/portable/armgcc/bin/../lib/gcc/arm-none-eabi/10.2.1/../../../../arm-none-eabi/lib/thumb/v6-m/nofp\libg_nano.a(lib_a-exit.o)
 .bss           0x00000000        0x0 c:/progra~1/chipwh~1/cw/home/portable/armgcc/bin/../lib/gcc/arm-none-eabi/10.2.1/../../../../arm-none-eabi/lib/thumb/v6-m/nofp\libg_nano.a(lib_a-exit.o)
 .text.exit     0x00000000       0x2c c:/progra~1/chipwh~1/cw/home/portable/armgcc/bin/../lib/gcc/arm-none-eabi/10.2.1/../../../../arm-none-eabi/lib/thumb/v6-m/nofp\libg_nano.a(lib_a-exit.o)
 .debug_frame   0x00000000       0x28 c:/progra~1/chipwh~1/cw/home/portable/armgcc/bin/../lib/gcc/arm-none-eabi/10.2.1/../../../../arm-none-eabi/lib/thumb/v6-m/nofp\libg_nano.a(lib_a-exit.o)
 .ARM.attributes
                0x00000000       0x2c c:/progra~1/chipwh~1/cw/home/portable/armgcc/bin/../lib/gcc/arm-none-eabi/10.2.1/../../../../arm-none-eabi/lib/thumb/v6-m/nofp\libg_nano.a(lib_a-exit.o)
 .text          0x00000000        0x0 c:/progra~1/chipwh~1/cw/home/portable/armgcc/bin/../lib/gcc/arm-none-eabi/10.2.1/../../../../arm-none-eabi/lib/thumb/v6-m/nofp\libg_nano.a(lib_a-impure.o)
 .data          0x00000000        0x0 c:/progra~1/chipwh~1/cw/home/portable/armgcc/bin/../lib/gcc/arm-none-eabi/10.2.1/../../../../arm-none-eabi/lib/thumb/v6-m/nofp\libg_nano.a(lib_a-impure.o)
 .bss           0x00000000        0x0 c:/progra~1/chipwh~1/cw/home/portable/armgcc/bin/../lib/gcc/arm-none-eabi/10.2.1/../../../../arm-none-eabi/lib/thumb/v6-m/nofp\libg_nano.a(lib_a-impure.o)
 .data._impure_ptr
                0x00000000        0x4 c:/progra~1/chipwh~1/cw/home/portable/armgcc/bin/../lib/gcc/arm-none-eabi/10.2.1/../../../../arm-none-eabi/lib/thumb/v6-m/nofp\libg_nano.a(lib_a-impure.o)
 .data.impure_data
                0x00000000       0x60 c:/progra~1/chipwh~1/cw/home/portable/armgcc/bin/../lib/gcc/arm-none-eabi/10.2.1/../../../../arm-none-eabi/lib/thumb/v6-m/nofp\libg_nano.a(lib_a-impure.o)
 .rodata._global_impure_ptr
                0x00000000        0x4 c:/progra~1/chipwh~1/cw/home/portable/armgcc/bin/../lib/gcc/arm-none-eabi/10.2.1/../../../../arm-none-eabi/lib/thumb/v6-m/nofp\libg_nano.a(lib_a-impure.o)
 .ARM.attributes
                0x00000000       0x2c c:/progra~1/chipwh~1/cw/home/portable/armgcc/bin/../lib/gcc/arm-none-eabi/10.2.1/../../../../arm-none-eabi/lib/thumb/v6-m/nofp\libg_nano.a(lib_a-impure.o)
 .text          0x00000000        0x0 c:/progra~1/chipwh~1/cw/home/portable/armgcc/bin/../lib/gcc/arm-none-eabi/10.2.1/../../../../arm-none-eabi/lib/thumb/v6-m/nofp\libg_nano.a(lib_a-init.o)
 .data          0x00000000        0x0 c:/progra~1/chipwh~1/cw/home/portable/armgcc/bin/../lib/gcc/arm-none-eabi/10.2.1/../../../../arm-none-eabi/lib/thumb/v6-m/nofp\libg_nano.a(lib_a-init.o)
 .bss           0x00000000        0x0 c:/progra~1/chipwh~1/cw/home/portable/armgcc/bin/../lib/gcc/arm-none-eabi/10.2.1/../../../../arm-none-eabi/lib/thumb/v6-m/nofp\libg_nano.a(lib_a-init.o)
 .text          0x00000000        0x0 c:/progra~1/chipwh~1/cw/home/portable/armgcc/bin/../lib/gcc/arm-none-eabi/10.2.1/../../../../arm-none-eabi/lib/thumb/v6-m/nofp\libg_nano.a(lib_a-memcpy-stub.o)
 .data          0x00000000        0x0 c:/progra~1/chipwh~1/cw/home/portable/armgcc/bin/../lib/gcc/arm-none-eabi/10.2.1/../../../../arm-none-eabi/lib/thumb/v6-m/nofp\libg_nano.a(lib_a-memcpy-stub.o)
 .bss           0x00000000        0x0 c:/progra~1/chipwh~1/cw/home/portable/armgcc/bin/../lib/gcc/arm-none-eabi/10.2.1/../../../../arm-none-eabi/lib/thumb/v6-m/nofp\libg_nano.a(lib_a-memcpy-stub.o)
 .text          0x00000000        0x0 c:/progra~1/chipwh~1/cw/home/portable/armgcc/bin/../lib/gcc/arm-none-eabi/10.2.1/../../../../arm-none-eabi/lib/thumb/v6-m/nofp\libg_nano.a(lib_a-memset.o)
 .data          0x00000000        0x0 c:/progra~1/chipwh~1/cw/home/portable/armgcc/bin/../lib/gcc/arm-none-eabi/10.2.1/../../../../arm-none-eabi/lib/thumb/v6-m/nofp\libg_nano.a(lib_a-memset.o)
 .bss           0x00000000        0x0 c:/progra~1/chipwh~1/cw/home/portable/armgcc/bin/../lib/gcc/arm-none-eabi/10.2.1/../../../../arm-none-eabi/lib/thumb/v6-m/nofp\libg_nano.a(lib_a-memset.o)
 .text.memset   0x00000000       0x10 c:/progra~1/chipwh~1/cw/home/portable/armgcc/bin/../lib/gcc/arm-none-eabi/10.2.1/../../../../arm-none-eabi/lib/thumb/v6-m/nofp\libg_nano.a(lib_a-memset.o)
 .debug_frame   0x00000000       0x20 c:/progra~1/chipwh~1/cw/home/portable/armgcc/bin/../lib/gcc/arm-none-eabi/10.2.1/../../../../arm-none-eabi/lib/thumb/v6-m/nofp\libg_nano.a(lib_a-memset.o)
 .ARM.attributes
                0x00000000       0x2c c:/progra~1/chipwh~1/cw/home/portable/armgcc/bin/../lib/gcc/arm-none-eabi/10.2.1/../../../../arm-none-eabi/lib/thumb/v6-m/nofp\libg_nano.a(lib_a-memset.o)
 .text          0x00000000        0x0 c:/progra~1/chipwh~1/cw/home/portable/armgcc/bin/../lib/gcc/arm-none-eabi/10.2.1/../../../../arm-none-eabi/lib/thumb/v6-m/nofp\libnosys.a(_exit.o)
 .data          0x00000000        0x0 c:/progra~1/chipwh~1/cw/home/portable/armgcc/bin/../lib/gcc/arm-none-eabi/10.2.1/../../../../arm-none-eabi/lib/thumb/v6-m/nofp\libnosys.a(_exit.o)
 .bss           0x00000000        0x0 c:/progra~1/chipwh~1/cw/home/portable/armgcc/bin/../lib/gcc/arm-none-eabi/10.2.1/../../../../arm-none-eabi/lib/thumb/v6-m/nofp\libnosys.a(_exit.o)
 .text._exit    0x00000000        0x4 c:/progra~1/chipwh~1/cw/home/portable/armgcc/bin/../lib/gcc/arm-none-eabi/10.2.1/../../../../arm-none-eabi/lib/thumb/v6-m/nofp\libnosys.a(_exit.o)
 .debug_frame   0x00000000       0x20 c:/progra~1/chipwh~1/cw/home/portable/armgcc/bin/../lib/gcc/arm-none-eabi/10.2.1/../../../../arm-none-eabi/lib/thumb/v6-m/nofp\libnosys.a(_exit.o)
 .ARM.attributes
                0x00000000       0x2c c:/progra~1/chipwh~1/cw/home/portable/armgcc/bin/../lib/gcc/arm-none-eabi/10.2.1/../../../../arm-none-eabi/lib/thumb/v6-m/nofp\libnosys.a(_exit.o)
 .text          0x00000000        0x0 c:/progra~1/chipwh~1/cw/home/portable/armgcc/bin/../lib/gcc/arm-none-eabi/10.2.1/thumb/v6-m/nofp/crtend.o
 .data          0x00000000        0x0 c:/progra~1/chipwh~1/cw/home/portable/armgcc/bin/../lib/gcc/arm-none-eabi/10.2.1/thumb/v6-m/nofp/crtend.o
 .bss           0x00000000        0x0 c:/progra~1/chipwh~1/cw/home/portable/armgcc/bin/../lib/gcc/arm-none-eabi/10.2.1/thumb/v6-m/nofp/crtend.o
 .rodata        0x00000000       0x24 c:/progra~1/chipwh~1/cw/home/portable/armgcc/bin/../lib/gcc/arm-none-eabi/10.2.1/thumb/v6-m/nofp/crtend.o
 .eh_frame      0x00000000        0x4 c:/progra~1/chipwh~1/cw/home/portable/armgcc/bin/../lib/gcc/arm-none-eabi/10.2.1/thumb/v6-m/nofp/crtend.o
 .ARM.attributes
                0x00000000       0x2c c:/progra~1/chipwh~1/cw/home/portable/armgcc/bin/../lib/gcc/arm-none-eabi/10.2.1/thumb/v6-m/nofp/crtend.o
 .text          0x00000000        0x0 c:/progra~1/chipwh~1/cw/home/portable/armgcc/bin/../lib/gcc/arm-none-eabi/10.2.1/thumb/v6-m/nofp/crtn.o
 .data          0x00000000        0x0 c:/progra~1/chipwh~1/cw/home/portable/armgcc/bin/../lib/gcc/arm-none-eabi/10.2.1/thumb/v6-m/nofp/crtn.o
 .bss           0x00000000        0x0 c:/progra~1/chipwh~1/cw/home/portable/armgcc/bin/../lib/gcc/arm-none-eabi/10.2.1/thumb/v6-m/nofp/crtn.o

Memory Configuration

Name             Origin             Length             Attributes
RAM              0x20000000         0x00001000         xrw
ROM              0x08000000         0x00008000         xr
*default*        0x00000000         0xffffffff

Linker script and memory map

LOAD c:/progra~1/chipwh~1/cw/home/portable/armgcc/bin/../lib/gcc/arm-none-eabi/10.2.1/thumb/v6-m/nofp/crti.o
LOAD c:/progra~1/chipwh~1/cw/home/portable/armgcc/bin/../lib/gcc/arm-none-eabi/10.2.1/thumb/v6-m/nofp/crtbegin.o
LOAD c:/progra~1/chipwh~1/cw/home/portable/armgcc/bin/../lib/gcc/arm-none-eabi/10.2.1/../../../../arm-none-eabi/lib/thumb/v6-m/nofp/crt0.o
LOAD objdir-CWNANO/simpleserial-aes.o
LOAD objdir-CWNANO/simpleserial.o
LOAD objdir-CWNANO/stm32f0_hal_nano.o
LOAD objdir-CWNANO/stm32f0_hal_lowlevel.o
LOAD objdir-CWNANO/aes.o
LOAD objdir-CWNANO/aes-independant.o
LOAD objdir-CWNANO/stm32f0_startup.o
LOAD c:/progra~1/chipwh~1/cw/home/portable/armgcc/bin/../lib/gcc/arm-none-eabi/10.2.1/../../../../arm-none-eabi/lib/thumb/v6-m/nofp\libm.a
LOAD c:/progra~1/chipwh~1/cw/home/portable/armgcc/bin/../lib/gcc/arm-none-eabi/10.2.1/../../../../arm-none-eabi/lib/thumb/v6-m/nofp\libm.a
START GROUP
LOAD c:/progra~1/chipwh~1/cw/home/portable/armgcc/bin/../lib/gcc/arm-none-eabi/10.2.1/thumb/v6-m/nofp\libgcc.a
LOAD c:/progra~1/chipwh~1/cw/home/portable/armgcc/bin/../lib/gcc/arm-none-eabi/10.2.1/../../../../arm-none-eabi/lib/thumb/v6-m/nofp\libg_nano.a
LOAD c:/progra~1/chipwh~1/cw/home/portable/armgcc/bin/../lib/gcc/arm-none-eabi/10.2.1/../../../../arm-none-eabi/lib/thumb/v6-m/nofp\libc_nano.a
END GROUP
START GROUP
LOAD c:/progra~1/chipwh~1/cw/home/portable/armgcc/bin/../lib/gcc/arm-none-eabi/10.2.1/thumb/v6-m/nofp\libgcc.a
LOAD c:/progra~1/chipwh~1/cw/home/portable/armgcc/bin/../lib/gcc/arm-none-eabi/10.2.1/../../../../arm-none-eabi/lib/thumb/v6-m/nofp\libc_nano.a
LOAD c:/progra~1/chipwh~1/cw/home/portable/armgcc/bin/../lib/gcc/arm-none-eabi/10.2.1/../../../../arm-none-eabi/lib/thumb/v6-m/nofp\libnosys.a
END GROUP
START GROUP
LOAD c:/progra~1/chipwh~1/cw/home/portable/armgcc/bin/../lib/gcc/arm-none-eabi/10.2.1/thumb/v6-m/nofp\libgcc.a
LOAD c:/progra~1/chipwh~1/cw/home/portable/armgcc/bin/../lib/gcc/arm-none-eabi/10.2.1/../../../../arm-none-eabi/lib/thumb/v6-m/nofp\libc_nano.a
LOAD c:/progra~1/chipwh~1/cw/home/portable/armgcc/bin/../lib/gcc/arm-none-eabi/10.2.1/../../../../arm-none-eabi/lib/thumb/v6-m/nofp\libnosys.a
END GROUP
LOAD c:/progra~1/chipwh~1/cw/home/portable/armgcc/bin/../lib/gcc/arm-none-eabi/10.2.1/thumb/v6-m/nofp/crtend.o
LOAD c:/progra~1/chipwh~1/cw/home/portable/armgcc/bin/../lib/gcc/arm-none-eabi/10.2.1/thumb/v6-m/nofp/crtn.o
                0x20001000                _estack = 0x20001000
                0x00000000                _Min_Heap_Size = 0x0
                0x00000400                _Min_Stack_Size = 0x400

.isr_vector     0x08000000      0x188
                0x08000000                . = ALIGN (0x4)
 *(.isr_vector)
 .isr_vector    0x08000000      0x188 objdir-CWNANO/stm32f0_startup.o
                0x08000000                g_pfnVectors
                0x08000188                . = ALIGN (0x4)

.text           0x08000188     0x1330
                0x08000188                . = ALIGN (0x4)
 *(.text)
 .text          0x08000188       0x48 c:/progra~1/chipwh~1/cw/home/portable/armgcc/bin/../lib/gcc/arm-none-eabi/10.2.1/thumb/v6-m/nofp/crtbegin.o
 .text          0x080001d0       0x14 c:/progra~1/chipwh~1/cw/home/portable/armgcc/bin/../lib/gcc/arm-none-eabi/10.2.1/thumb/v6-m/nofp\libgcc.a(_thumb1_case_uqi.o)
                0x080001d0                __gnu_thumb1_case_uqi
 .text          0x080001e4      0x114 c:/progra~1/chipwh~1/cw/home/portable/armgcc/bin/../lib/gcc/arm-none-eabi/10.2.1/thumb/v6-m/nofp\libgcc.a(_udivsi3.o)
                0x080001e4                __aeabi_uidiv
                0x080001e4                __udivsi3
                0x080002f0                __aeabi_uidivmod
 .text          0x080002f8        0x4 c:/progra~1/chipwh~1/cw/home/portable/armgcc/bin/../lib/gcc/arm-none-eabi/10.2.1/thumb/v6-m/nofp\libgcc.a(_dvmd_tls.o)
                0x080002f8                __aeabi_idiv0
                0x080002f8                __aeabi_ldiv0
 *(.text*)
 .text.get_pt   0x080002fc       0x2a objdir-CWNANO/simpleserial-aes.o
                0x080002fc                get_pt
 .text.aes      0x08000326       0x60 objdir-CWNANO/simpleserial-aes.o
                0x08000326                aes
 *fill*         0x08000386        0x2 
 .text.startup.main
                0x08000388       0x40 objdir-CWNANO/simpleserial-aes.o
                0x08000388                main
 .text.ss_crc   0x080003c8       0x2e objdir-CWNANO/simpleserial.o
                0x080003c8                ss_crc
 .text.stuff_data
                0x080003f6       0x24 objdir-CWNANO/simpleserial.o
                0x080003f6                stuff_data
 .text.unstuff_data
                0x0800041a       0x22 objdir-CWNANO/simpleserial.o
                0x0800041a                unstuff_data
 .text.simpleserial_addcmd
                0x0800043c       0x3c objdir-CWNANO/simpleserial.o
                0x0800043c                simpleserial_addcmd
 .text.simpleserial_init
                0x08000478       0x20 objdir-CWNANO/simpleserial.o
                0x08000478                simpleserial_init
 .text.simpleserial_put
                0x08000498       0x4e objdir-CWNANO/simpleserial.o
                0x08000498                simpleserial_put
 .text.check_version
                0x080004e6       0x16 objdir-CWNANO/simpleserial.o
                0x080004e6                check_version
 .text.ss_get_commands
                0x080004fc       0x3c objdir-CWNANO/simpleserial.o
                0x080004fc                ss_get_commands
 .text.simpleserial_get
                0x08000538       0xe0 objdir-CWNANO/simpleserial.o
                0x08000538                simpleserial_get
 .text.platform_init
                0x08000618       0x58 objdir-CWNANO/stm32f0_hal_nano.o
                0x08000618                platform_init
 .text.init_uart
                0x08000670       0x80 objdir-CWNANO/stm32f0_hal_nano.o
                0x08000670                init_uart
 .text.trigger_setup
                0x080006f0       0x80 objdir-CWNANO/stm32f0_hal_nano.o
                0x080006f0                trigger_setup
 .text.trigger_high
                0x08000770       0x10 objdir-CWNANO/stm32f0_hal_nano.o
                0x08000770                trigger_high
 .text.trigger_low
                0x08000780       0x10 objdir-CWNANO/stm32f0_hal_nano.o
                0x08000780                trigger_low
 .text.getch    0x08000790       0x30 objdir-CWNANO/stm32f0_hal_nano.o
                0x08000790                getch
 .text.putch    0x080007c0       0x1c objdir-CWNANO/stm32f0_hal_nano.o
                0x080007c0                putch
 .text.HAL_GetTick
                0x080007dc       0x10 objdir-CWNANO/stm32f0_hal_lowlevel.o
                0x080007dc                HAL_GetTick
 .text.HAL_RCC_OscConfig
                0x080007ec      0x3c4 objdir-CWNANO/stm32f0_hal_lowlevel.o
                0x080007ec                HAL_RCC_OscConfig
 .text.HAL_RCC_ClockConfig
                0x08000bb0      0x114 objdir-CWNANO/stm32f0_hal_lowlevel.o
                0x08000bb0                HAL_RCC_ClockConfig
 .text.HAL_GPIO_Init
                0x08000cc4      0x164 objdir-CWNANO/stm32f0_hal_lowlevel.o
                0x08000cc4                HAL_GPIO_Init
 .text.HAL_GPIO_WritePin
                0x08000e28        0xc objdir-CWNANO/stm32f0_hal_lowlevel.o
                0x08000e28                HAL_GPIO_WritePin
 .text.UART_WaitOnFlagUntilTimeout
                0x08000e34       0x64 objdir-CWNANO/stm32f0_hal_lowlevel.o
                0x08000e34                UART_WaitOnFlagUntilTimeout
 .text.UART_SetConfig
                0x08000e98      0x100 objdir-CWNANO/stm32f0_hal_lowlevel.o
                0x08000e98                UART_SetConfig
 .text.HAL_UART_Init
                0x08000f98       0x64 objdir-CWNANO/stm32f0_hal_lowlevel.o
                0x08000f98                HAL_UART_Init
 .text.HAL_UART_Receive
                0x08000ffc       0xf0 objdir-CWNANO/stm32f0_hal_lowlevel.o
                0x08000ffc                HAL_UART_Receive
 .text.HAL_UART_Transmit
                0x080010ec       0xd2 objdir-CWNANO/stm32f0_hal_lowlevel.o
                0x080010ec                HAL_UART_Transmit
 *fill*         0x080011be        0x2 
 .text.KeyExpansion
                0x080011c0       0x98 objdir-CWNANO/aes.o
 .text.AddRoundKey
                0x08001258       0x38 objdir-CWNANO/aes.o
 .text.SubBytes
                0x08001290       0x2c objdir-CWNANO/aes.o
 .text.ShiftRows
                0x080012bc       0x3c objdir-CWNANO/aes.o
 .text.xtime    0x080012f8       0x10 objdir-CWNANO/aes.o
 .text.Cipher   0x08001308       0xa0 objdir-CWNANO/aes.o
 .text.BlockCopy
                0x080013a8        0xe objdir-CWNANO/aes.o
 *fill*         0x080013b6        0x2 
 .text.AES128_ECB_indp_setkey
                0x080013b8       0x10 objdir-CWNANO/aes.o
                0x080013b8                AES128_ECB_indp_setkey
 .text.AES128_ECB_indp_crypto
                0x080013c8       0x18 objdir-CWNANO/aes.o
                0x080013c8                AES128_ECB_indp_crypto
 .text.aes_indep_init
                0x080013e0        0x2 objdir-CWNANO/aes-independant.o
                0x080013e0                aes_indep_init
 .text.aes_indep_key
                0x080013e2        0x8 objdir-CWNANO/aes-independant.o
                0x080013e2                aes_indep_key
 .text.aes_indep_enc
                0x080013ea        0x8 objdir-CWNANO/aes-independant.o
                0x080013ea                aes_indep_enc
 .text.aes_indep_enc_pretrigger
                0x080013f2        0x2 objdir-CWNANO/aes-independant.o
                0x080013f2                aes_indep_enc_pretrigger
 .text.aes_indep_enc_posttrigger
                0x080013f4        0x2 objdir-CWNANO/aes-independant.o
                0x080013f4                aes_indep_enc_posttrigger
 .text.aes_indep_mask
                0x080013f6        0x2 objdir-CWNANO/aes-independant.o
                0x080013f6                aes_indep_mask
 .text.Reset_Handler
                0x080013f8       0x48 objdir-CWNANO/stm32f0_startup.o
                0x080013f8                Reset_Handler
 .text.Default_Handler
                0x08001440        0x2 objdir-CWNANO/stm32f0_startup.o
                0x08001440                DebugMon_Handler
                0x08001440                HardFault_Handler
                0x08001440                SysTick_Handler
                0x08001440                PendSV_Handler
                0x08001440                NMI_Handler
                0x08001440                UsageFault_Handler
                0x08001440                Default_Handler
                0x08001440                MemManage_Handler
                0x08001440                SVC_Handler
                0x08001440                BusFault_Handler
 *fill*         0x08001442        0x2 
 .text.__libc_init_array
                0x08001444       0x48 c:/progra~1/chipwh~1/cw/home/portable/armgcc/bin/../lib/gcc/arm-none-eabi/10.2.1/../../../../arm-none-eabi/lib/thumb/v6-m/nofp\libg_nano.a(lib_a-init.o)
                0x08001444                __libc_init_array
 .text.memcpy   0x0800148c       0x12 c:/progra~1/chipwh~1/cw/home/portable/armgcc/bin/../lib/gcc/arm-none-eabi/10.2.1/../../../../arm-none-eabi/lib/thumb/v6-m/nofp\libg_nano.a(lib_a-memcpy-stub.o)
                0x0800148c                memcpy
 *(.glue_7)
 .glue_7        0x0800149e        0x0 linker stubs
 *(.glue_7t)
 .glue_7t       0x0800149e        0x0 linker stubs
 *(.eh_frame)
 *fill*         0x0800149e        0x2 
 .eh_frame      0x080014a0        0x0 c:/progra~1/chipwh~1/cw/home/portable/armgcc/bin/../lib/gcc/arm-none-eabi/10.2.1/thumb/v6-m/nofp/crtbegin.o
 *(.init)
 .init          0x080014a0        0x4 c:/progra~1/chipwh~1/cw/home/portable/armgcc/bin/../lib/gcc/arm-none-eabi/10.2.1/thumb/v6-m/nofp/crti.o
                0x080014a0                _init
 .init          0x080014a4        0x8 c:/progra~1/chipwh~1/cw/home/portable/armgcc/bin/../lib/gcc/arm-none-eabi/10.2.1/thumb/v6-m/nofp/crtn.o
 *(.fini)
 .fini          0x080014ac        0x4 c:/progra~1/chipwh~1/cw/home/portable/armgcc/bin/../lib/gcc/arm-none-eabi/10.2.1/thumb/v6-m/nofp/crti.o
                0x080014ac                _fini
 .fini          0x080014b0        0x8 c:/progra~1/chipwh~1/cw/home/portable/armgcc/bin/../lib/gcc/arm-none-eabi/10.2.1/thumb/v6-m/nofp/crtn.o
                0x080014b8                . = ALIGN (0x4)
                0x080014b8                _etext = .

.vfp11_veneer   0x080014b8        0x0
 .vfp11_veneer  0x080014b8        0x0 linker stubs

.v4_bx          0x080014b8        0x0
 .v4_bx         0x080014b8        0x0 linker stubs

.iplt           0x080014b8        0x0
 .iplt          0x080014b8        0x0 c:/progra~1/chipwh~1/cw/home/portable/armgcc/bin/../lib/gcc/arm-none-eabi/10.2.1/thumb/v6-m/nofp/crtbegin.o

.rodata         0x080014b8       0x14
                0x080014b8                . = ALIGN (0x4)
 *(.rodata)
 .rodata        0x080014b8        0x3 objdir-CWNANO/stm32f0_hal_lowlevel.o
 *(.rodata*)
 .rodata.str1.1
                0x080014bb       0x11 objdir-CWNANO/simpleserial-aes.o
                0x080014cc                . = ALIGN (0x4)

.rel.dyn        0x080014cc        0x0
 .rel.iplt      0x080014cc        0x0 c:/progra~1/chipwh~1/cw/home/portable/armgcc/bin/../lib/gcc/arm-none-eabi/10.2.1/thumb/v6-m/nofp/crtbegin.o

.ARM.extab      0x080014cc        0x0
                0x080014cc                . = ALIGN (0x4)
 *(.ARM.extab* .gnu.linkonce.armextab.*)
                0x080014cc                . = ALIGN (0x4)

.ARM            0x080014cc        0x0
                0x080014cc                . = ALIGN (0x4)
                0x080014cc                __exidx_start = .
 *(.ARM.exidx*)
                0x080014cc                __exidx_end = .
                0x080014cc                . = ALIGN (0x4)

.preinit_array  0x080014cc        0x0
                0x080014cc                . = ALIGN (0x4)
                0x080014cc                PROVIDE (__preinit_array_start = .)
 *(.preinit_array*)
                0x080014cc                PROVIDE (__preinit_array_end = .)
                0x080014cc                . = ALIGN (0x4)

.init_array     0x080014cc        0x4
                0x080014cc                . = ALIGN (0x4)
                0x080014cc                PROVIDE (__init_array_start = .)
 *(SORT_BY_NAME(.init_array.*))
 *(.init_array*)
 .init_array    0x080014cc        0x4 c:/progra~1/chipwh~1/cw/home/portable/armgcc/bin/../lib/gcc/arm-none-eabi/10.2.1/thumb/v6-m/nofp/crtbegin.o
                0x080014d0                PROVIDE (__init_array_end = .)
                0x080014d0                . = ALIGN (0x4)

.fini_array     0x080014d0        0x4
                0x080014d0                . = ALIGN (0x4)
                [!provide]                PROVIDE (__fini_array_start = .)
 *(SORT_BY_NAME(.fini_array.*))
 *(.fini_array*)
 .fini_array    0x080014d0        0x4 c:/progra~1/chipwh~1/cw/home/portable/armgcc/bin/../lib/gcc/arm-none-eabi/10.2.1/thumb/v6-m/nofp/crtbegin.o
                [!provide]                PROVIDE (__fini_array_end = .)
                0x080014d4                . = ALIGN (0x4)
                0x080014d4                _sidata = LOADADDR (.data)

.data           0x20000000      0x210 load address 0x080014d4
                0x20000000                . = ALIGN (0x4)
                0x20000000                _sdata = .
 *(.data)
 .data          0x20000000        0x4 objdir-CWNANO/stm32f0_hal_lowlevel.o
                0x20000000                SystemCoreClock
 .data          0x20000004      0x20b objdir-CWNANO/aes.o
                0x20000004                Rcon
                0x2000000f                rsbox
                0x2000010f                sbox
 *(.data*)
                0x20000210                . = ALIGN (0x4)
 *fill*         0x2000020f        0x1 
                0x20000210                _edata = .

.igot.plt       0x20000210        0x0 load address 0x080016e4
 .igot.plt      0x20000210        0x0 c:/progra~1/chipwh~1/cw/home/portable/armgcc/bin/../lib/gcc/arm-none-eabi/10.2.1/thumb/v6-m/nofp/crtbegin.o
                0x20000210                . = ALIGN (0x4)

.bss            0x20000210      0x21c load address 0x080016e4
                0x20000210                _sbss = .
                0x20000210                __bss_start__ = _sbss
 *(.bss)
 .bss           0x20000210       0x1c c:/progra~1/chipwh~1/cw/home/portable/armgcc/bin/../lib/gcc/arm-none-eabi/10.2.1/thumb/v6-m/nofp/crtbegin.o
 .bss           0x2000022c       0xc4 objdir-CWNANO/simpleserial.o
 .bss           0x200002f0       0x70 objdir-CWNANO/stm32f0_hal_nano.o
                0x200002f0                UartHandle
 .bss           0x20000360        0x4 objdir-CWNANO/stm32f0_hal_lowlevel.o
 .bss           0x20000364       0xc8 objdir-CWNANO/aes.o
 *(.bss*)
 *(COMMON)
                0x2000042c                . = ALIGN (0x4)
                0x2000042c                _ebss = .
                0x2000042c                __bss_end__ = _ebss

._user_heap_stack
                0x2000042c      0x404 load address 0x080016e4
                0x20000430                . = ALIGN (0x8)
 *fill*         0x2000042c        0x4 
                [!provide]                PROVIDE (end = .)
                [!provide]                PROVIDE (_end = .)
                0x20000430                . = (. + _Min_Heap_Size)
                0x20000830                . = (. + _Min_Stack_Size)
 *fill*         0x20000430      0x400 
                0x20000830                . = ALIGN (0x8)

/DISCARD/
 libc.a(*)
 libm.a(*)
 libgcc.a(*)

.ARM.attributes
                0x00000000       0x28
 *(.ARM.attributes)
 .ARM.attributes
                0x00000000       0x1e c:/progra~1/chipwh~1/cw/home/portable/armgcc/bin/../lib/gcc/arm-none-eabi/10.2.1/thumb/v6-m/nofp/crti.o
 .ARM.attributes
                0x0000001e       0x2c c:/progra~1/chipwh~1/cw/home/portable/armgcc/bin/../lib/gcc/arm-none-eabi/10.2.1/thumb/v6-m/nofp/crtbegin.o
 .ARM.attributes
                0x0000004a       0x2c objdir-CWNANO/simpleserial-aes.o
 .ARM.attributes
                0x00000076       0x2c objdir-CWNANO/simpleserial.o
 .ARM.attributes
                0x000000a2       0x2c objdir-CWNANO/stm32f0_hal_nano.o
 .ARM.attributes
                0x000000ce       0x2c objdir-CWNANO/stm32f0_hal_lowlevel.o
 .ARM.attributes
                0x000000fa       0x2c objdir-CWNANO/aes.o
 .ARM.attributes
                0x00000126       0x2c objdir-CWNANO/aes-independant.o
 .ARM.attributes
                0x00000152       0x21 objdir-CWNANO/stm32f0_startup.o
 .ARM.attributes
                0x00000173       0x1e c:/progra~1/chipwh~1/cw/home/portable/armgcc/bin/../lib/gcc/arm-none-eabi/10.2.1/thumb/v6-m/nofp\libgcc.a(_thumb1_case_uqi.o)
 .ARM.attributes
                0x00000191       0x1e c:/progra~1/chipwh~1/cw/home/portable/armgcc/bin/../lib/gcc/arm-none-eabi/10.2.1/thumb/v6-m/nofp\libgcc.a(_udivsi3.o)
 .ARM.attributes
                0x000001af       0x1e c:/progra~1/chipwh~1/cw/home/portable/armgcc/bin/../lib/gcc/arm-none-eabi/10.2.1/thumb/v6-m/nofp\libgcc.a(_dvmd_tls.o)
 .ARM.attributes
                0x000001cd       0x2c c:/progra~1/chipwh~1/cw/home/portable/armgcc/bin/../lib/gcc/arm-none-eabi/10.2.1/../../../../arm-none-eabi/lib/thumb/v6-m/nofp\libg_nano.a(lib_a-init.o)
 .ARM.attributes
                0x000001f9       0x2c c:/progra~1/chipwh~1/cw/home/portable/armgcc/bin/../lib/gcc/arm-none-eabi/10.2.1/../../../../arm-none-eabi/lib/thumb/v6-m/nofp\libg_nano.a(lib_a-memcpy-stub.o)
 .ARM.attributes
                0x00000225       0x1e c:/progra~1/chipwh~1/cw/home/portable/armgcc/bin/../lib/gcc/arm-none-eabi/10.2.1/thumb/v6-m/nofp/crtn.o
OUTPUT(simpleserial-aes-CWNANO.elf elf32-littlearm)
LOAD linker stubs
LOAD c:/progra~1/chipwh~1/cw/home/portable/armgcc/bin/../lib/gcc/arm-none-eabi/10.2.1/../../../../arm-none-eabi/lib/thumb/v6-m/nofp\libc.a
LOAD c:/progra~1/chipwh~1/cw/home/portable/armgcc/bin/../lib/gcc/arm-none-eabi/10.2.1/../../../../arm-none-eabi/lib/thumb/v6-m/nofp\libm.a
LOAD c:/progra~1/chipwh~1/cw/home/portable/armgcc/bin/../lib/gcc/arm-none-eabi/10.2.1/thumb/v6-m/nofp\libgcc.a

.debug_info     0x00000000     0x3f34
 .debug_info    0x00000000      0x6bd objdir-CWNANO/simpleserial-aes.o
 .debug_info    0x000006bd      0x81a objdir-CWNANO/simpleserial.o
 .debug_info    0x00000ed7      0xeb1 objdir-CWNANO/stm32f0_hal_nano.o
 .debug_info    0x00001d88     0x157f objdir-CWNANO/stm32f0_hal_lowlevel.o
 .debug_info    0x00003307      0xa42 objdir-CWNANO/aes.o
 .debug_info    0x00003d49      0x1eb objdir-CWNANO/aes-independant.o

.debug_abbrev   0x00000000      0xdc6
 .debug_abbrev  0x00000000      0x209 objdir-CWNANO/simpleserial-aes.o
 .debug_abbrev  0x00000209      0x201 objdir-CWNANO/simpleserial.o
 .debug_abbrev  0x0000040a      0x1f3 objdir-CWNANO/stm32f0_hal_nano.o
 .debug_abbrev  0x000005fd      0x37a objdir-CWNANO/stm32f0_hal_lowlevel.o
 .debug_abbrev  0x00000977      0x2f2 objdir-CWNANO/aes.o
 .debug_abbrev  0x00000c69      0x15d objdir-CWNANO/aes-independant.o

.debug_loc      0x00000000     0x29aa
 .debug_loc     0x00000000      0x44d objdir-CWNANO/simpleserial-aes.o
 .debug_loc     0x0000044d      0x8c8 objdir-CWNANO/simpleserial.o
 .debug_loc     0x00000d15      0x1c2 objdir-CWNANO/stm32f0_hal_nano.o
 .debug_loc     0x00000ed7     0x11ad objdir-CWNANO/stm32f0_hal_lowlevel.o
 .debug_loc     0x00002084      0x89c objdir-CWNANO/aes.o
 .debug_loc     0x00002920       0x8a objdir-CWNANO/aes-independant.o

.debug_aranges  0x00000000      0x268
 .debug_aranges
                0x00000000       0x58 objdir-CWNANO/simpleserial-aes.o
 .debug_aranges
                0x00000058       0x70 objdir-CWNANO/simpleserial.o
 .debug_aranges
                0x000000c8       0x60 objdir-CWNANO/stm32f0_hal_nano.o
 .debug_aranges
                0x00000128       0x80 objdir-CWNANO/stm32f0_hal_lowlevel.o
 .debug_aranges
                0x000001a8       0x80 objdir-CWNANO/aes.o
 .debug_aranges
                0x00000228       0x40 objdir-CWNANO/aes-independant.o

.debug_ranges   0x00000000      0x418
 .debug_ranges  0x00000000       0x98 objdir-CWNANO/simpleserial-aes.o
 .debug_ranges  0x00000098       0xe0 objdir-CWNANO/simpleserial.o
 .debug_ranges  0x00000178       0xc0 objdir-CWNANO/stm32f0_hal_nano.o
 .debug_ranges  0x00000238       0xd8 objdir-CWNANO/stm32f0_hal_lowlevel.o
 .debug_ranges  0x00000310       0xd8 objdir-CWNANO/aes.o
 .debug_ranges  0x000003e8       0x30 objdir-CWNANO/aes-independant.o

.debug_line     0x00000000     0x2bea
 .debug_line    0x00000000      0x3c6 objdir-CWNANO/simpleserial-aes.o
 .debug_line    0x000003c6      0x6d6 objdir-CWNANO/simpleserial.o
 .debug_line    0x00000a9c      0x4e2 objdir-CWNANO/stm32f0_hal_nano.o
 .debug_line    0x00000f7e     0x11eb objdir-CWNANO/stm32f0_hal_lowlevel.o
 .debug_line    0x00002169      0x8ea objdir-CWNANO/aes.o
 .debug_line    0x00002a53      0x197 objdir-CWNANO/aes-independant.o

.debug_str      0x00000000      0xf86
 .debug_str     0x00000000      0x34b objdir-CWNANO/simpleserial-aes.o
                                0x39c (size before relaxing)
 .debug_str     0x0000034b       0xce objdir-CWNANO/simpleserial.o
                                0x34b (size before relaxing)
 .debug_str     0x00000419      0x6fa objdir-CWNANO/stm32f0_hal_nano.o
                                0x931 (size before relaxing)
 .debug_str     0x00000b13      0x32f objdir-CWNANO/stm32f0_hal_lowlevel.o
                                0xbf1 (size before relaxing)
 .debug_str     0x00000e42      0x11f objdir-CWNANO/aes.o
                                0x32c (size before relaxing)
 .debug_str     0x00000f61       0x25 objdir-CWNANO/aes-independant.o
                                0x25d (size before relaxing)

.comment        0x00000000       0x4d
 .comment       0x00000000       0x4d objdir-CWNANO/simpleserial-aes.o
                                 0x4e (size before relaxing)
 .comment       0x0000004d       0x4e objdir-CWNANO/simpleserial.o
 .comment       0x0000004d       0x4e objdir-CWNANO/stm32f0_hal_nano.o
 .comment       0x0000004d       0x4e objdir-CWNANO/stm32f0_hal_lowlevel.o
 .comment       0x0000004d       0x4e objdir-CWNANO/aes.o
 .comment       0x0000004d       0x4e objdir-CWNANO/aes-independant.o

.debug_frame    0x00000000      0x708
 .debug_frame   0x00000000       0xd4 objdir-CWNANO/simpleserial-aes.o
 .debug_frame   0x000000d4      0x150 objdir-CWNANO/simpleserial.o
 .debug_frame   0x00000224      0x10c objdir-CWNANO/stm32f0_hal_nano.o
 .debug_frame   0x00000330      0x18c objdir-CWNANO/stm32f0_hal_lowlevel.o
 .debug_frame   0x000004bc      0x158 objdir-CWNANO/aes.o
 .debug_frame   0x00000614       0x80 objdir-CWNANO/aes-independant.o
 .debug_frame   0x00000694       0x20 c:/progra~1/chipwh~1/cw/home/portable/armgcc/bin/../lib/gcc/arm-none-eabi/10.2.1/thumb/v6-m/nofp\libgcc.a(_udivsi3.o)
 .debug_frame   0x000006b4       0x2c c:/progra~1/chipwh~1/cw/home/portable/armgcc/bin/../lib/gcc/arm-none-eabi/10.2.1/../../../../arm-none-eabi/lib/thumb/v6-m/nofp\libg_nano.a(lib_a-init.o)
 .debug_frame   0x000006e0       0x28 c:/progra~1/chipwh~1/cw/home/portable/armgcc/bin/../lib/gcc/arm-none-eabi/10.2.1/../../../../arm-none-eabi/lib/thumb/v6-m/nofp\libg_nano.a(lib_a-memcpy-stub.o)

.stab           0x00000000      0x144
 .stab          0x00000000      0x144 objdir-CWNANO/stm32f0_startup.o

.stabstr        0x00000000       0x53
 .stabstr       0x00000000       0x53 objdir-CWNANO/stm32f0_startup.o

Cross Reference Table

Symbol                                            File
AES128_ECB_decrypt                                objdir-CWNANO/aes.o
AES128_ECB_encrypt                                objdir-CWNANO/aes.o
AES128_ECB_indp_crypto                            objdir-CWNANO/aes.o
                                                  objdir-CWNANO/aes-independant.o
AES128_ECB_indp_setkey                            objdir-CWNANO/aes.o
                                                  objdir-CWNANO/aes-independant.o
BusFault_Handler                                  objdir-CWNANO/stm32f0_startup.o
DebugMon_Handler                                  objdir-CWNANO/stm32f0_startup.o
Default_Handler                                   objdir-CWNANO/stm32f0_startup.o
HAL_GPIO_Init                                     objdir-CWNANO/stm32f0_hal_lowlevel.o
                                                  objdir-CWNANO/stm32f0_hal_nano.o
HAL_GPIO_WritePin                                 objdir-CWNANO/stm32f0_hal_lowlevel.o
                                                  objdir-CWNANO/stm32f0_hal_nano.o
HAL_GetTick                                       objdir-CWNANO/stm32f0_hal_lowlevel.o
HAL_RCCEx_PeriphCLKConfig                         objdir-CWNANO/stm32f0_hal_lowlevel.o
HAL_RCC_ClockConfig                               objdir-CWNANO/stm32f0_hal_lowlevel.o
                                                  objdir-CWNANO/stm32f0_hal_nano.o
HAL_RCC_GetPCLK1Freq                              objdir-CWNANO/stm32f0_hal_lowlevel.o
HAL_RCC_GetPCLK2Freq                              objdir-CWNANO/stm32f0_hal_lowlevel.o
HAL_RCC_GetSysClockFreq                           objdir-CWNANO/stm32f0_hal_lowlevel.o
HAL_RCC_OscConfig                                 objdir-CWNANO/stm32f0_hal_lowlevel.o
                                                  objdir-CWNANO/stm32f0_hal_nano.o
HAL_UART_Init                                     objdir-CWNANO/stm32f0_hal_lowlevel.o
                                                  objdir-CWNANO/stm32f0_hal_nano.o
HAL_UART_Receive                                  objdir-CWNANO/stm32f0_hal_lowlevel.o
                                                  objdir-CWNANO/stm32f0_hal_nano.o
HAL_UART_Transmit                                 objdir-CWNANO/stm32f0_hal_lowlevel.o
                                                  objdir-CWNANO/stm32f0_hal_nano.o
HardFault_Handler                                 objdir-CWNANO/stm32f0_startup.o
MemManage_Handler                                 objdir-CWNANO/stm32f0_startup.o
NMI_Handler                                       objdir-CWNANO/stm32f0_startup.o
PendSV_Handler                                    objdir-CWNANO/stm32f0_startup.o
Rcon                                              objdir-CWNANO/aes.o
Reset_Handler                                     objdir-CWNANO/stm32f0_startup.o
SVC_Handler                                       objdir-CWNANO/stm32f0_startup.o
SysTick_Handler                                   objdir-CWNANO/stm32f0_startup.o
SystemCoreClock                                   objdir-CWNANO/stm32f0_hal_lowlevel.o
SystemInit                                        objdir-CWNANO/stm32f0_startup.o
UART_CheckIdleState                               objdir-CWNANO/stm32f0_hal_lowlevel.o
UART_SetConfig                                    objdir-CWNANO/stm32f0_hal_lowlevel.o
UART_WaitOnFlagUntilTimeout                       objdir-CWNANO/stm32f0_hal_lowlevel.o
UartHandle                                        objdir-CWNANO/stm32f0_hal_nano.o
UsageFault_Handler                                objdir-CWNANO/stm32f0_startup.o
__aeabi_idiv0                                     c:/progra~1/chipwh~1/cw/home/portable/armgcc/bin/../lib/gcc/arm-none-eabi/10.2.1/thumb/v6-m/nofp\libgcc.a(_dvmd_tls.o)
                                                  c:/progra~1/chipwh~1/cw/home/portable/armgcc/bin/../lib/gcc/arm-none-eabi/10.2.1/thumb/v6-m/nofp\libgcc.a(_udivsi3.o)
__aeabi_ldiv0                                     c:/progra~1/chipwh~1/cw/home/portable/armgcc/bin/../lib/gcc/arm-none-eabi/10.2.1/thumb/v6-m/nofp\libgcc.a(_dvmd_tls.o)
__aeabi_uidiv                                     c:/progra~1/chipwh~1/cw/home/portable/armgcc/bin/../lib/gcc/arm-none-eabi/10.2.1/thumb/v6-m/nofp\libgcc.a(_udivsi3.o)
                                                  objdir-CWNANO/stm32f0_hal_lowlevel.o
__aeabi_uidivmod                                  c:/progra~1/chipwh~1/cw/home/portable/armgcc/bin/../lib/gcc/arm-none-eabi/10.2.1/thumb/v6-m/nofp\libgcc.a(_udivsi3.o)
__bss_end__                                       c:/progra~1/chipwh~1/cw/home/portable/armgcc/bin/../lib/gcc/arm-none-eabi/10.2.1/../../../../arm-none-eabi/lib/thumb/v6-m/nofp/crt0.o
__bss_start__                                     c:/progra~1/chipwh~1/cw/home/portable/armgcc/bin/../lib/gcc/arm-none-eabi/10.2.1/../../../../arm-none-eabi/lib/thumb/v6-m/nofp/crt0.o
__call_exitprocs                                  c:/progra~1/chipwh~1/cw/home/portable/armgcc/bin/../lib/gcc/arm-none-eabi/10.2.1/../../../../arm-none-eabi/lib/thumb/v6-m/nofp\libg_nano.a(lib_a-exit.o)
__deregister_frame_info                           c:/progra~1/chipwh~1/cw/home/portable/armgcc/bin/../lib/gcc/arm-none-eabi/10.2.1/thumb/v6-m/nofp/crtbegin.o
__dso_handle                                      c:/progra~1/chipwh~1/cw/home/portable/armgcc/bin/../lib/gcc/arm-none-eabi/10.2.1/thumb/v6-m/nofp/crtbegin.o
__gnu_thumb1_case_uqi                             c:/progra~1/chipwh~1/cw/home/portable/armgcc/bin/../lib/gcc/arm-none-eabi/10.2.1/thumb/v6-m/nofp\libgcc.a(_thumb1_case_uqi.o)
                                                  objdir-CWNANO/stm32f0_hal_lowlevel.o
__init_array_end                                  c:/progra~1/chipwh~1/cw/home/portable/armgcc/bin/../lib/gcc/arm-none-eabi/10.2.1/../../../../arm-none-eabi/lib/thumb/v6-m/nofp\libg_nano.a(lib_a-init.o)
__init_array_start                                c:/progra~1/chipwh~1/cw/home/portable/armgcc/bin/../lib/gcc/arm-none-eabi/10.2.1/../../../../arm-none-eabi/lib/thumb/v6-m/nofp\libg_nano.a(lib_a-init.o)
__libc_fini_array                                 c:/progra~1/chipwh~1/cw/home/portable/armgcc/bin/../lib/gcc/arm-none-eabi/10.2.1/../../../../arm-none-eabi/lib/thumb/v6-m/nofp/crt0.o
__libc_init_array                                 c:/progra~1/chipwh~1/cw/home/portable/armgcc/bin/../lib/gcc/arm-none-eabi/10.2.1/../../../../arm-none-eabi/lib/thumb/v6-m/nofp\libg_nano.a(lib_a-init.o)
                                                  objdir-CWNANO/stm32f0_startup.o
                                                  c:/progra~1/chipwh~1/cw/home/portable/armgcc/bin/../lib/gcc/arm-none-eabi/10.2.1/../../../../arm-none-eabi/lib/thumb/v6-m/nofp/crt0.o
__preinit_array_end                               c:/progra~1/chipwh~1/cw/home/portable/armgcc/bin/../lib/gcc/arm-none-eabi/10.2.1/../../../../arm-none-eabi/lib/thumb/v6-m/nofp\libg_nano.a(lib_a-init.o)
__preinit_array_start                             c:/progra~1/chipwh~1/cw/home/portable/armgcc/bin/../lib/gcc/arm-none-eabi/10.2.1/../../../../arm-none-eabi/lib/thumb/v6-m/nofp\libg_nano.a(lib_a-init.o)
__register_frame_info                             c:/progra~1/chipwh~1/cw/home/portable/armgcc/bin/../lib/gcc/arm-none-eabi/10.2.1/thumb/v6-m/nofp/crtbegin.o
__sf_fake_stderr                                  c:/progra~1/chipwh~1/cw/home/portable/armgcc/bin/../lib/gcc/arm-none-eabi/10.2.1/../../../../arm-none-eabi/lib/thumb/v6-m/nofp\libg_nano.a(lib_a-impure.o)
__sf_fake_stdin                                   c:/progra~1/chipwh~1/cw/home/portable/armgcc/bin/../lib/gcc/arm-none-eabi/10.2.1/../../../../arm-none-eabi/lib/thumb/v6-m/nofp\libg_nano.a(lib_a-impure.o)
__sf_fake_stdout                                  c:/progra~1/chipwh~1/cw/home/portable/armgcc/bin/../lib/gcc/arm-none-eabi/10.2.1/../../../../arm-none-eabi/lib/thumb/v6-m/nofp\libg_nano.a(lib_a-impure.o)
__stack                                           c:/progra~1/chipwh~1/cw/home/portable/armgcc/bin/../lib/gcc/arm-none-eabi/10.2.1/../../../../arm-none-eabi/lib/thumb/v6-m/nofp/crt0.o
__udivsi3                                         c:/progra~1/chipwh~1/cw/home/portable/armgcc/bin/../lib/gcc/arm-none-eabi/10.2.1/thumb/v6-m/nofp\libgcc.a(_udivsi3.o)
_ebss                                             objdir-CWNANO/stm32f0_startup.o
_edata                                            objdir-CWNANO/stm32f0_startup.o
_estack                                           objdir-CWNANO/stm32f0_startup.o
_exit                                             c:/progra~1/chipwh~1/cw/home/portable/armgcc/bin/../lib/gcc/arm-none-eabi/10.2.1/../../../../arm-none-eabi/lib/thumb/v6-m/nofp\libnosys.a(_exit.o)
                                                  c:/progra~1/chipwh~1/cw/home/portable/armgcc/bin/../lib/gcc/arm-none-eabi/10.2.1/../../../../arm-none-eabi/lib/thumb/v6-m/nofp\libg_nano.a(lib_a-exit.o)
_fini                                             c:/progra~1/chipwh~1/cw/home/portable/armgcc/bin/../lib/gcc/arm-none-eabi/10.2.1/thumb/v6-m/nofp/crti.o
_global_impure_ptr                                c:/progra~1/chipwh~1/cw/home/portable/armgcc/bin/../lib/gcc/arm-none-eabi/10.2.1/../../../../arm-none-eabi/lib/thumb/v6-m/nofp\libg_nano.a(lib_a-impure.o)
                                                  c:/progra~1/chipwh~1/cw/home/portable/armgcc/bin/../lib/gcc/arm-none-eabi/10.2.1/../../../../arm-none-eabi/lib/thumb/v6-m/nofp\libg_nano.a(lib_a-exit.o)
_impure_ptr                                       c:/progra~1/chipwh~1/cw/home/portable/armgcc/bin/../lib/gcc/arm-none-eabi/10.2.1/../../../../arm-none-eabi/lib/thumb/v6-m/nofp\libg_nano.a(lib_a-impure.o)
_init                                             c:/progra~1/chipwh~1/cw/home/portable/armgcc/bin/../lib/gcc/arm-none-eabi/10.2.1/thumb/v6-m/nofp/crti.o
                                                  c:/progra~1/chipwh~1/cw/home/portable/armgcc/bin/../lib/gcc/arm-none-eabi/10.2.1/../../../../arm-none-eabi/lib/thumb/v6-m/nofp\libg_nano.a(lib_a-init.o)
_mainCRTStartup                                   c:/progra~1/chipwh~1/cw/home/portable/armgcc/bin/../lib/gcc/arm-none-eabi/10.2.1/../../../../arm-none-eabi/lib/thumb/v6-m/nofp/crt0.o
_sbss                                             objdir-CWNANO/stm32f0_startup.o
_sdata                                            objdir-CWNANO/stm32f0_startup.o
_sidata                                           objdir-CWNANO/stm32f0_startup.o
_stack_init                                       c:/progra~1/chipwh~1/cw/home/portable/armgcc/bin/../lib/gcc/arm-none-eabi/10.2.1/../../../../arm-none-eabi/lib/thumb/v6-m/nofp/crt0.o
_start                                            c:/progra~1/chipwh~1/cw/home/portable/armgcc/bin/../lib/gcc/arm-none-eabi/10.2.1/../../../../arm-none-eabi/lib/thumb/v6-m/nofp/crt0.o
aes                                               objdir-CWNANO/simpleserial-aes.o
aes_indep_enc                                     objdir-CWNANO/aes-independant.o
                                                  objdir-CWNANO/simpleserial-aes.o
aes_indep_enc_posttrigger                         objdir-CWNANO/aes-independant.o
                                                  objdir-CWNANO/simpleserial-aes.o
aes_indep_enc_pretrigger                          objdir-CWNANO/aes-independant.o
                                                  objdir-CWNANO/simpleserial-aes.o
aes_indep_init                                    objdir-CWNANO/aes-independant.o
                                                  objdir-CWNANO/simpleserial-aes.o
aes_indep_key                                     objdir-CWNANO/aes-independant.o
                                                  objdir-CWNANO/simpleserial-aes.o
aes_indep_mask                                    objdir-CWNANO/aes-independant.o
                                                  objdir-CWNANO/simpleserial-aes.o
atexit                                            c:/progra~1/chipwh~1/cw/home/portable/armgcc/bin/../lib/gcc/arm-none-eabi/10.2.1/../../../../arm-none-eabi/lib/thumb/v6-m/nofp/crt0.o
check_version                                     objdir-CWNANO/simpleserial.o
enc_multi_getpt                                   objdir-CWNANO/simpleserial-aes.o
enc_multi_setnum                                  objdir-CWNANO/simpleserial-aes.o
enckey                                            objdir-CWNANO/aes-independant.o
exit                                              c:/progra~1/chipwh~1/cw/home/portable/armgcc/bin/../lib/gcc/arm-none-eabi/10.2.1/../../../../arm-none-eabi/lib/thumb/v6-m/nofp\libg_nano.a(lib_a-exit.o)
                                                  c:/progra~1/chipwh~1/cw/home/portable/armgcc/bin/../lib/gcc/arm-none-eabi/10.2.1/../../../../arm-none-eabi/lib/thumb/v6-m/nofp/crt0.o
g_pfnVectors                                      objdir-CWNANO/stm32f0_startup.o
get_key                                           objdir-CWNANO/simpleserial-aes.o
get_mask                                          objdir-CWNANO/simpleserial-aes.o
get_pt                                            objdir-CWNANO/simpleserial-aes.o
getch                                             objdir-CWNANO/stm32f0_hal_nano.o
                                                  objdir-CWNANO/simpleserial.o
hardware_init_hook                                c:/progra~1/chipwh~1/cw/home/portable/armgcc/bin/../lib/gcc/arm-none-eabi/10.2.1/../../../../arm-none-eabi/lib/thumb/v6-m/nofp/crt0.o
hex_decode                                        objdir-CWNANO/simpleserial.o
init_uart                                         objdir-CWNANO/stm32f0_hal_nano.o
                                                  objdir-CWNANO/simpleserial-aes.o
led_error                                         objdir-CWNANO/stm32f0_hal_nano.o
led_ok                                            objdir-CWNANO/stm32f0_hal_nano.o
main                                              objdir-CWNANO/simpleserial-aes.o
                                                  objdir-CWNANO/stm32f0_startup.o
                                                  c:/progra~1/chipwh~1/cw/home/portable/armgcc/bin/../lib/gcc/arm-none-eabi/10.2.1/../../../../arm-none-eabi/lib/thumb/v6-m/nofp/crt0.o
memcpy                                            c:/progra~1/chipwh~1/cw/home/portable/armgcc/bin/../lib/gcc/arm-none-eabi/10.2.1/../../../../arm-none-eabi/lib/thumb/v6-m/nofp\libg_nano.a(lib_a-memcpy-stub.o)
                                                  objdir-CWNANO/aes.o
                                                  objdir-CWNANO/simpleserial.o
                                                  objdir-CWNANO/simpleserial-aes.o
memset                                            c:/progra~1/chipwh~1/cw/home/portable/armgcc/bin/../lib/gcc/arm-none-eabi/10.2.1/../../../../arm-none-eabi/lib/thumb/v6-m/nofp\libg_nano.a(lib_a-memset.o)
                                                  c:/progra~1/chipwh~1/cw/home/portable/armgcc/bin/../lib/gcc/arm-none-eabi/10.2.1/../../../../arm-none-eabi/lib/thumb/v6-m/nofp/crt0.o
platform_init                                     objdir-CWNANO/stm32f0_hal_nano.o
                                                  objdir-CWNANO/simpleserial-aes.o
putch                                             objdir-CWNANO/stm32f0_hal_nano.o
                                                  objdir-CWNANO/simpleserial.o
reset                                             objdir-CWNANO/simpleserial-aes.o
rsbox                                             objdir-CWNANO/aes.o
sbox                                              objdir-CWNANO/aes.o
simpleserial_addcmd                               objdir-CWNANO/simpleserial.o
                                                  objdir-CWNANO/simpleserial-aes.o
simpleserial_get                                  objdir-CWNANO/simpleserial.o
                                                  objdir-CWNANO/simpleserial-aes.o
simpleserial_init                                 objdir-CWNANO/simpleserial.o
                                                  objdir-CWNANO/simpleserial-aes.o
simpleserial_put                                  objdir-CWNANO/simpleserial.o
                                                  objdir-CWNANO/simpleserial-aes.o
software_init_hook                                c:/progra~1/chipwh~1/cw/home/portable/armgcc/bin/../lib/gcc/arm-none-eabi/10.2.1/../../../../arm-none-eabi/lib/thumb/v6-m/nofp/crt0.o
ss_crc                                            objdir-CWNANO/simpleserial.o
ss_get_commands                                   objdir-CWNANO/simpleserial.o
ss_puts                                           objdir-CWNANO/simpleserial.o
stuff_data                                        objdir-CWNANO/simpleserial.o
trigger_high                                      objdir-CWNANO/stm32f0_hal_nano.o
                                                  objdir-CWNANO/simpleserial-aes.o
trigger_low                                       objdir-CWNANO/stm32f0_hal_nano.o
                                                  objdir-CWNANO/simpleserial-aes.o
trigger_setup                                     objdir-CWNANO/stm32f0_hal_nano.o
                                                  objdir-CWNANO/simpleserial-aes.o
unstuff_data                                      objdir-CWNANO/simpleserial.o
